>> Got issues: [
NegativeTests.Heap.fst(26,21-26,54): (Error 19) assertion failed; The SMT solver could not prove the query, try to spell your proof in more detail or increase fuel/ifuel
>>]
Verified module: NegativeTests.Heap
All verification conditions discharged successfully
