open Prims







type e_nat_2 = unit
type e_nat_3 = unit


type e_unit_5 = unit